// Jest Snapshot v1, https://goo.gl/fbAQLP

exports[`renders correctly 1`] = `
<div
  className="List"
>
  <table>
    <tbody>
      <tr>
        <th>
          Original URL
        </th>
        <th>
          Minified URL
        </th>
        <th>
          Number of visits
        </th>
        <th>
          Delete URL
        </th>
      </tr>
    </tbody>
  </table>
</div>
`;
