// Jest Snapshot v1, https://goo.gl/fbAQLP

exports[`renders correctly 1`] = `
<BrowserRouter>
  <div
    className="App"
  >
    <Component />
    <Switch>
      <Route
        component={[Function]}
        exact={true}
        path="/login"
      />
      <Route
        component={[Function]}
        exact={true}
        path="/admin"
      />
      <Route
        component={[Function]}
        exact={true}
        path="/"
      />
      <Redirect
        push={false}
        to="/"
      />
    </Switch>
  </div>
</BrowserRouter>
`;
