// Jest Snapshot v1, https://goo.gl/fbAQLP

exports[`renders correctly 1`] = `
<div
  className="short-url"
>
  <div
    className="short-url__message"
  >
    string
  </div>
  <a
    className="short-url__link"
    href="string"
    target="_blank"
  >
    string
  </a>
</div>
`;
